2025-09-03 14:36:49,642 - INFO - MainThread - logger_config - setup_logging - Logging configured via logger_config.py.
2025-09-03 14:36:49,847 - DEBUG - MainThread - VideoPlacerv2 - <module> - Attempting to import dependencies: cv2, PIL, skimage, numpy
2025-09-03 14:36:49,848 - DEBUG - MainThread - VideoPlacerv2 - <module> - Core dependencies (cv2, PIL, skimage, numpy) imported successfully.
2025-09-03 14:36:49,985 - INFO - MainThread - VideoPlacerv2 - __init__ - Initializing VideoPlacerApp GUI.
2025-09-03 14:36:50,000 - DEBUG - MainThread - VideoPlacerv2 - __init__ - Window size set to 650x750, centered at (575,209) on screen 1800x1169.
2025-09-03 14:36:50,001 - DEBUG - MainThread - VideoPlacerv2 - __init__ - State variable 'initial_setup_done' initialized to False.
2025-09-03 14:36:50,001 - DEBUG - MainThread - VideoPlacerv2 - __init__ - Tkinter variables and state variables initialized.
2025-09-03 14:36:50,001 - DEBUG - MainThread - VideoPlacerv2 - __init__ - Configured ttk styles.
2025-09-03 14:36:50,001 - DEBUG - MainThread - VideoPlacerv2 - __init__ - Main frame created and packed.
2025-09-03 14:36:50,001 - DEBUG - MainThread - VideoPlacerv2 - __init__ - Defined grid row assignments: basedir=0, id=1, treeview=2, fileselect=3, verification=4, analysis_info=5, process_btn=6, status=7
2025-09-03 14:36:50,003 - DEBUG - MainThread - VideoPlacerv2 - __init__ - Base directory widgets placed.
2025-09-03 14:36:50,003 - DEBUG - MainThread - VideoPlacerv2 - __init__ - Interpreter ID widgets placed.
2025-09-03 14:36:50,004 - DEBUG - MainThread - VideoPlacerv2 - __init__ - Category/Word TreeView placed.
2025-09-03 14:36:50,004 - DEBUG - MainThread - VideoPlacerv2 - __init__ - File selection widgets placed.
2025-09-03 14:36:50,004 - DEBUG - MainThread - VideoPlacerv2 - __init__ - Verification area frame placed.
2025-09-03 14:36:50,004 - DEBUG - MainThread - VideoPlacerv2 - __init__ - Created 4 slots in verification frame (preview labels, score labels, checkboxes).
2025-09-03 14:36:50,004 - DEBUG - MainThread - VideoPlacerv2 - __init__ - Take assignment display label placed.
2025-09-03 14:36:50,004 - DEBUG - MainThread - VideoPlacerv2 - __init__ - Process button placed.
2025-09-03 14:36:50,005 - DEBUG - MainThread - VideoPlacerv2 - __init__ - Status label placed.
2025-09-03 14:36:50,005 - DEBUG - MainThread - VideoPlacerv2 - __init__ - Main frame grid configured for expansion.
2025-09-03 14:36:50,005 - DEBUG - MainThread - VideoPlacerv2 - __init__ - Started check_analysis_queue loop via master.after.
2025-09-03 14:36:50,005 - DEBUG - MainThread - VideoPlacerv2 - __init__ - Bound on_closing method to window close event.
2025-09-03 14:36:51,943 - DEBUG - MainThread - VideoPlacerv2 - select_base_dir - select_base_dir called.
2025-09-03 14:36:59,304 - INFO - MainThread - VideoPlacerv2 - select_base_dir - Base directory selected: /Users/administrator/Desktop/AI dataset
2025-09-03 14:36:59,305 - DEBUG - MainThread - VideoPlacerv2 - select_base_dir - Treeview unbind <<TreeviewSelect>> in select_base_dir
2025-09-03 14:36:59,305 - DEBUG - MainThread - VideoPlacerv2 - select_base_dir - Enabled Interpreter ID combobox, disabled Base Dir button.
2025-09-03 14:37:03,160 - DEBUG - MainThread - VideoPlacerv2 - on_id_select - on_id_select called. Event: <FocusOut event>
2025-09-03 14:37:03,160 - DEBUG - MainThread - VideoPlacerv2 - _validate_interpreter_id - Validating interpreter ID: '1234'
2025-09-03 14:37:03,160 - DEBUG - MainThread - VideoPlacerv2 - _validate_interpreter_id - Interpreter ID '1234' validated successfully.
2025-09-03 14:37:03,160 - INFO - MainThread - VideoPlacerv2 - on_id_select - Interpreter ID selected: 1234. Initial setup now complete.
2025-09-03 14:37:03,160 - DEBUG - MainThread - VideoPlacerv2 - on_id_select - Calling populate_category_word_tree.
2025-09-03 14:37:03,160 - DEBUG - MainThread - VideoPlacerv2 - populate_category_word_tree - populate_category_word_tree called.
2025-09-03 14:37:03,160 - DEBUG - MainThread - VideoPlacerv2 - populate_category_word_tree - Cleared existing items from category_word_tree.
2025-09-03 14:37:03,247 - DEBUG - MainThread - file_system_operations - get_directory_structure - Directory structure scanned for /Users/administrator/Desktop/AI dataset: 79 categories.
2025-09-03 14:37:03,260 - DEBUG - MainThread - VideoPlacerv2 - populate_category_word_tree - Treeview bind <<TreeviewSelect>> in populate_category_word_tree (success)
2025-09-03 14:37:03,260 - INFO - MainThread - VideoPlacerv2 - populate_category_word_tree - Populated category/word tree with 79 categories from /Users/administrator/Desktop/AI dataset.
2025-09-03 14:37:03,261 - DEBUG - MainThread - VideoPlacerv2 - on_id_select - Category and Word selections (StringVar) cleared. Tree selection cleared.
2025-09-03 14:37:03,261 - DEBUG - MainThread - VideoPlacerv2 - on_id_select - Word selection and file selection cleared.
2025-09-03 14:37:03,261 - INFO - MainThread - VideoPlacerv2 - clear_analysis_results - Clearing previous analysis results and stopping animations.
2025-09-03 14:37:03,261 - DEBUG - MainThread - VideoPlacerv2 - clear_analysis_results - Similarity scores reset.
2025-09-03 14:37:03,261 - DEBUG - MainThread - VideoPlacerv2 - clear_analysis_results - Score display labels reset.
2025-09-03 14:37:03,261 - DEBUG - MainThread - VideoPlacerv2 - clear_analysis_results - Take assignment display reset.
2025-09-03 14:37:03,261 - DEBUG - MainThread - VideoPlacerv2 - clear_analysis_results - Initial confirmation state tracking reset.
2025-09-03 14:37:03,261 - DEBUG - MainThread - VideoPlacerv2 - clear_analysis_results - Approval checkboxes reset and disabled.
2025-09-03 14:37:03,261 - DEBUG - MainThread - VideoPlacerv2 - clear_analysis_results - Preview photo image list reset.
2025-09-03 14:37:03,261 - DEBUG - MainThread - VideoPlacerv2 - clear_analysis_results - Cleared preview image for slot 0.
2025-09-03 14:37:03,261 - DEBUG - MainThread - VideoPlacerv2 - clear_analysis_results - Cleared preview image for slot 1.
2025-09-03 14:37:03,261 - DEBUG - MainThread - VideoPlacerv2 - clear_analysis_results - Cleared preview image for slot 2.
2025-09-03 14:37:03,261 - DEBUG - MainThread - VideoPlacerv2 - clear_analysis_results - Cleared preview image for slot 3.
2025-09-03 14:37:03,261 - DEBUG - MainThread - VideoPlacerv2 - clear_analysis_results - Preview animation indices reset.
2025-09-03 14:37:03,261 - DEBUG - MainThread - VideoPlacerv2 - clear_analysis_results - Finished clearing analysis results.
2025-09-03 14:37:03,261 - DEBUG - MainThread - VideoPlacerv2 - on_id_select - Analysis results cleared.
2025-09-03 14:37:03,261 - DEBUG - MainThread - VideoPlacerv2 - on_id_select - File select button disabled.
2025-09-03 14:37:03,261 - DEBUG - MainThread - VideoPlacerv2 - check_button_state - check_button_state called.
2025-09-03 14:37:03,261 - DEBUG - MainThread - VideoPlacerv2 - check_button_state - Post-initial setup phase.
2025-09-03 14:37:03,261 - DEBUG - MainThread - VideoPlacerv2 - check_button_state - Base dir and ID widgets disabled.
2025-09-03 14:37:03,261 - DEBUG - MainThread - VideoPlacerv2 - check_button_state - Treeview bind <<TreeviewSelect>> in check_button_state (enabled)
2025-09-03 14:37:03,261 - DEBUG - MainThread - VideoPlacerv2 - check_button_state - Category/Word TreeView event <<TreeviewSelect>> is bound
2025-09-03 14:37:03,261 - DEBUG - MainThread - VideoPlacerv2 - check_button_state - File select button state set to disabled.
2025-09-03 14:37:03,261 - DEBUG - MainThread - VideoPlacerv2 - check_button_state - Process button state set to disabled. Conditions: FilesSelected=False, ValidTakes=False, Approved=False, AnalysisRunning=False.
2025-09-03 14:37:03,261 - DEBUG - MainThread - VideoPlacerv2 - check_button_state - Finished check_button_state.
2025-09-03 14:37:03,261 - DEBUG - MainThread - VideoPlacerv2 - on_id_select - check_button_state called after Category selection.
2025-09-03 14:37:03,261 - DEBUG - MainThread - VideoPlacerv2 - on_id_select - on_id_select finished processing.
2025-09-03 14:37:04,200 - DEBUG - MainThread - VideoPlacerv2 - on_tree_item_select - on_tree_item_select called.
2025-09-03 14:37:04,201 - INFO - MainThread - VideoPlacerv2 - on_tree_item_select - Category selected: 'ABC - One-Handed'. Word cleared.
2025-09-03 14:37:04,201 - INFO - MainThread - VideoPlacerv2 - clear_analysis_results - Clearing previous analysis results and stopping animations.
2025-09-03 14:37:04,201 - DEBUG - MainThread - VideoPlacerv2 - clear_analysis_results - Similarity scores reset.
2025-09-03 14:37:04,201 - DEBUG - MainThread - VideoPlacerv2 - clear_analysis_results - Score display labels reset.
2025-09-03 14:37:04,201 - DEBUG - MainThread - VideoPlacerv2 - clear_analysis_results - Take assignment display reset.
2025-09-03 14:37:04,201 - DEBUG - MainThread - VideoPlacerv2 - clear_analysis_results - Initial confirmation state tracking reset.
2025-09-03 14:37:04,202 - DEBUG - MainThread - VideoPlacerv2 - clear_analysis_results - Approval checkboxes reset and disabled.
2025-09-03 14:37:04,202 - DEBUG - MainThread - VideoPlacerv2 - clear_analysis_results - Preview photo image list reset.
2025-09-03 14:37:04,202 - DEBUG - MainThread - VideoPlacerv2 - clear_analysis_results - Cleared preview image for slot 0.
2025-09-03 14:37:04,202 - DEBUG - MainThread - VideoPlacerv2 - clear_analysis_results - Cleared preview image for slot 1.
2025-09-03 14:37:04,202 - DEBUG - MainThread - VideoPlacerv2 - clear_analysis_results - Cleared preview image for slot 2.
2025-09-03 14:37:04,202 - DEBUG - MainThread - VideoPlacerv2 - clear_analysis_results - Cleared preview image for slot 3.
2025-09-03 14:37:04,202 - DEBUG - MainThread - VideoPlacerv2 - clear_analysis_results - Preview animation indices reset.
2025-09-03 14:37:04,202 - DEBUG - MainThread - VideoPlacerv2 - clear_analysis_results - Finished clearing analysis results.
2025-09-03 14:37:04,202 - DEBUG - MainThread - VideoPlacerv2 - check_button_state - check_button_state called.
2025-09-03 14:37:04,202 - DEBUG - MainThread - VideoPlacerv2 - check_button_state - Post-initial setup phase.
2025-09-03 14:37:04,202 - DEBUG - MainThread - VideoPlacerv2 - check_button_state - Base dir and ID widgets disabled.
2025-09-03 14:37:04,202 - DEBUG - MainThread - VideoPlacerv2 - check_button_state - Treeview bind <<TreeviewSelect>> in check_button_state (enabled)
2025-09-03 14:37:04,202 - DEBUG - MainThread - VideoPlacerv2 - check_button_state - Category/Word TreeView event <<TreeviewSelect>> is bound
2025-09-03 14:37:04,202 - DEBUG - MainThread - VideoPlacerv2 - check_button_state - File select button state set to disabled.
2025-09-03 14:37:04,202 - DEBUG - MainThread - VideoPlacerv2 - check_button_state - Process button state set to disabled. Conditions: FilesSelected=False, ValidTakes=False, Approved=False, AnalysisRunning=False.
2025-09-03 14:37:04,202 - DEBUG - MainThread - VideoPlacerv2 - check_button_state - Finished check_button_state.
2025-09-03 14:37:04,202 - DEBUG - MainThread - VideoPlacerv2 - on_tree_item_select - on_tree_item_select finished processing.
2025-09-03 14:37:04,552 - DEBUG - MainThread - VideoPlacerv2 - on_tree_item_select - on_tree_item_select called.
2025-09-03 14:37:04,552 - INFO - MainThread - VideoPlacerv2 - on_tree_item_select - Category selected: 'Airport'. Word cleared.
2025-09-03 14:37:04,552 - INFO - MainThread - VideoPlacerv2 - clear_analysis_results - Clearing previous analysis results and stopping animations.
2025-09-03 14:37:04,552 - DEBUG - MainThread - VideoPlacerv2 - clear_analysis_results - Similarity scores reset.
2025-09-03 14:37:04,552 - DEBUG - MainThread - VideoPlacerv2 - clear_analysis_results - Score display labels reset.
2025-09-03 14:37:04,552 - DEBUG - MainThread - VideoPlacerv2 - clear_analysis_results - Take assignment display reset.
2025-09-03 14:37:04,552 - DEBUG - MainThread - VideoPlacerv2 - clear_analysis_results - Initial confirmation state tracking reset.
2025-09-03 14:37:04,552 - DEBUG - MainThread - VideoPlacerv2 - clear_analysis_results - Approval checkboxes reset and disabled.
2025-09-03 14:37:04,552 - DEBUG - MainThread - VideoPlacerv2 - clear_analysis_results - Preview photo image list reset.
2025-09-03 14:37:04,552 - DEBUG - MainThread - VideoPlacerv2 - clear_analysis_results - Cleared preview image for slot 0.
2025-09-03 14:37:04,553 - DEBUG - MainThread - VideoPlacerv2 - clear_analysis_results - Cleared preview image for slot 1.
2025-09-03 14:37:04,553 - DEBUG - MainThread - VideoPlacerv2 - clear_analysis_results - Cleared preview image for slot 2.
2025-09-03 14:37:04,553 - DEBUG - MainThread - VideoPlacerv2 - clear_analysis_results - Cleared preview image for slot 3.
2025-09-03 14:37:04,553 - DEBUG - MainThread - VideoPlacerv2 - clear_analysis_results - Preview animation indices reset.
2025-09-03 14:37:04,553 - DEBUG - MainThread - VideoPlacerv2 - clear_analysis_results - Finished clearing analysis results.
2025-09-03 14:37:04,553 - DEBUG - MainThread - VideoPlacerv2 - check_button_state - check_button_state called.
2025-09-03 14:37:04,553 - DEBUG - MainThread - VideoPlacerv2 - check_button_state - Post-initial setup phase.
2025-09-03 14:37:04,553 - DEBUG - MainThread - VideoPlacerv2 - check_button_state - Base dir and ID widgets disabled.
2025-09-03 14:37:04,553 - DEBUG - MainThread - VideoPlacerv2 - check_button_state - Treeview bind <<TreeviewSelect>> in check_button_state (enabled)
2025-09-03 14:37:04,553 - DEBUG - MainThread - VideoPlacerv2 - check_button_state - Category/Word TreeView event <<TreeviewSelect>> is bound
2025-09-03 14:37:04,553 - DEBUG - MainThread - VideoPlacerv2 - check_button_state - File select button state set to disabled.
2025-09-03 14:37:04,553 - DEBUG - MainThread - VideoPlacerv2 - check_button_state - Process button state set to disabled. Conditions: FilesSelected=False, ValidTakes=False, Approved=False, AnalysisRunning=False.
2025-09-03 14:37:04,553 - DEBUG - MainThread - VideoPlacerv2 - check_button_state - Finished check_button_state.
2025-09-03 14:37:04,553 - DEBUG - MainThread - VideoPlacerv2 - on_tree_item_select - on_tree_item_select finished processing.
2025-09-03 14:37:05,051 - DEBUG - MainThread - VideoPlacerv2 - on_tree_item_select - on_tree_item_select called.
2025-09-03 14:37:05,051 - INFO - MainThread - VideoPlacerv2 - on_tree_item_select - Category selected: 'Adverbs'. Word cleared.
2025-09-03 14:37:05,051 - INFO - MainThread - VideoPlacerv2 - clear_analysis_results - Clearing previous analysis results and stopping animations.
2025-09-03 14:37:05,051 - DEBUG - MainThread - VideoPlacerv2 - clear_analysis_results - Similarity scores reset.
2025-09-03 14:37:05,051 - DEBUG - MainThread - VideoPlacerv2 - clear_analysis_results - Score display labels reset.
2025-09-03 14:37:05,051 - DEBUG - MainThread - VideoPlacerv2 - clear_analysis_results - Take assignment display reset.
2025-09-03 14:37:05,051 - DEBUG - MainThread - VideoPlacerv2 - clear_analysis_results - Initial confirmation state tracking reset.
2025-09-03 14:37:05,052 - DEBUG - MainThread - VideoPlacerv2 - clear_analysis_results - Approval checkboxes reset and disabled.
2025-09-03 14:37:05,052 - DEBUG - MainThread - VideoPlacerv2 - clear_analysis_results - Preview photo image list reset.
2025-09-03 14:37:05,052 - DEBUG - MainThread - VideoPlacerv2 - clear_analysis_results - Cleared preview image for slot 0.
2025-09-03 14:37:05,052 - DEBUG - MainThread - VideoPlacerv2 - clear_analysis_results - Cleared preview image for slot 1.
2025-09-03 14:37:05,052 - DEBUG - MainThread - VideoPlacerv2 - clear_analysis_results - Cleared preview image for slot 2.
2025-09-03 14:37:05,052 - DEBUG - MainThread - VideoPlacerv2 - clear_analysis_results - Cleared preview image for slot 3.
2025-09-03 14:37:05,052 - DEBUG - MainThread - VideoPlacerv2 - clear_analysis_results - Preview animation indices reset.
2025-09-03 14:37:05,052 - DEBUG - MainThread - VideoPlacerv2 - clear_analysis_results - Finished clearing analysis results.
2025-09-03 14:37:05,052 - DEBUG - MainThread - VideoPlacerv2 - check_button_state - check_button_state called.
2025-09-03 14:37:05,052 - DEBUG - MainThread - VideoPlacerv2 - check_button_state - Post-initial setup phase.
2025-09-03 14:37:05,052 - DEBUG - MainThread - VideoPlacerv2 - check_button_state - Base dir and ID widgets disabled.
2025-09-03 14:37:05,052 - DEBUG - MainThread - VideoPlacerv2 - check_button_state - Treeview bind <<TreeviewSelect>> in check_button_state (enabled)
2025-09-03 14:37:05,052 - DEBUG - MainThread - VideoPlacerv2 - check_button_state - Category/Word TreeView event <<TreeviewSelect>> is bound
2025-09-03 14:37:05,052 - DEBUG - MainThread - VideoPlacerv2 - check_button_state - File select button state set to disabled.
2025-09-03 14:37:05,052 - DEBUG - MainThread - VideoPlacerv2 - check_button_state - Process button state set to disabled. Conditions: FilesSelected=False, ValidTakes=False, Approved=False, AnalysisRunning=False.
2025-09-03 14:37:05,052 - DEBUG - MainThread - VideoPlacerv2 - check_button_state - Finished check_button_state.
2025-09-03 14:37:05,052 - DEBUG - MainThread - VideoPlacerv2 - on_tree_item_select - on_tree_item_select finished processing.
2025-09-03 14:37:05,419 - DEBUG - MainThread - VideoPlacerv2 - on_tree_item_select - on_tree_item_select called.
2025-09-03 14:37:05,420 - INFO - MainThread - VideoPlacerv2 - on_tree_item_select - Category selected: 'Airport'. Word cleared.
2025-09-03 14:37:05,420 - INFO - MainThread - VideoPlacerv2 - clear_analysis_results - Clearing previous analysis results and stopping animations.
2025-09-03 14:37:05,420 - DEBUG - MainThread - VideoPlacerv2 - clear_analysis_results - Similarity scores reset.
2025-09-03 14:37:05,420 - DEBUG - MainThread - VideoPlacerv2 - clear_analysis_results - Score display labels reset.
2025-09-03 14:37:05,420 - DEBUG - MainThread - VideoPlacerv2 - clear_analysis_results - Take assignment display reset.
2025-09-03 14:37:05,420 - DEBUG - MainThread - VideoPlacerv2 - clear_analysis_results - Initial confirmation state tracking reset.
2025-09-03 14:37:05,420 - DEBUG - MainThread - VideoPlacerv2 - clear_analysis_results - Approval checkboxes reset and disabled.
2025-09-03 14:37:05,420 - DEBUG - MainThread - VideoPlacerv2 - clear_analysis_results - Preview photo image list reset.
2025-09-03 14:37:05,420 - DEBUG - MainThread - VideoPlacerv2 - clear_analysis_results - Cleared preview image for slot 0.
2025-09-03 14:37:05,420 - DEBUG - MainThread - VideoPlacerv2 - clear_analysis_results - Cleared preview image for slot 1.
2025-09-03 14:37:05,420 - DEBUG - MainThread - VideoPlacerv2 - clear_analysis_results - Cleared preview image for slot 2.
2025-09-03 14:37:05,420 - DEBUG - MainThread - VideoPlacerv2 - clear_analysis_results - Cleared preview image for slot 3.
2025-09-03 14:37:05,420 - DEBUG - MainThread - VideoPlacerv2 - clear_analysis_results - Preview animation indices reset.
2025-09-03 14:37:05,420 - DEBUG - MainThread - VideoPlacerv2 - clear_analysis_results - Finished clearing analysis results.
2025-09-03 14:37:05,420 - DEBUG - MainThread - VideoPlacerv2 - check_button_state - check_button_state called.
2025-09-03 14:37:05,420 - DEBUG - MainThread - VideoPlacerv2 - check_button_state - Post-initial setup phase.
2025-09-03 14:37:05,420 - DEBUG - MainThread - VideoPlacerv2 - check_button_state - Base dir and ID widgets disabled.
2025-09-03 14:37:05,420 - DEBUG - MainThread - VideoPlacerv2 - check_button_state - Treeview bind <<TreeviewSelect>> in check_button_state (enabled)
2025-09-03 14:37:05,420 - DEBUG - MainThread - VideoPlacerv2 - check_button_state - Category/Word TreeView event <<TreeviewSelect>> is bound
2025-09-03 14:37:05,421 - DEBUG - MainThread - VideoPlacerv2 - check_button_state - File select button state set to disabled.
2025-09-03 14:37:05,421 - DEBUG - MainThread - VideoPlacerv2 - check_button_state - Process button state set to disabled. Conditions: FilesSelected=False, ValidTakes=False, Approved=False, AnalysisRunning=False.
2025-09-03 14:37:05,421 - DEBUG - MainThread - VideoPlacerv2 - check_button_state - Finished check_button_state.
2025-09-03 14:37:05,421 - DEBUG - MainThread - VideoPlacerv2 - on_tree_item_select - on_tree_item_select finished processing.
2025-09-03 14:37:06,213 - DEBUG - MainThread - VideoPlacerv2 - on_tree_item_select - on_tree_item_select called.
2025-09-03 14:37:06,213 - INFO - MainThread - VideoPlacerv2 - on_tree_item_select - Word selected: 'Air Crash' under Category: 'Airport'
2025-09-03 14:37:06,214 - INFO - MainThread - VideoPlacerv2 - clear_analysis_results - Clearing previous analysis results and stopping animations.
2025-09-03 14:37:06,214 - DEBUG - MainThread - VideoPlacerv2 - clear_analysis_results - Similarity scores reset.
2025-09-03 14:37:06,214 - DEBUG - MainThread - VideoPlacerv2 - clear_analysis_results - Score display labels reset.
2025-09-03 14:37:06,214 - DEBUG - MainThread - VideoPlacerv2 - clear_analysis_results - Take assignment display reset.
2025-09-03 14:37:06,214 - DEBUG - MainThread - VideoPlacerv2 - clear_analysis_results - Initial confirmation state tracking reset.
2025-09-03 14:37:06,214 - DEBUG - MainThread - VideoPlacerv2 - clear_analysis_results - Approval checkboxes reset and disabled.
2025-09-03 14:37:06,214 - DEBUG - MainThread - VideoPlacerv2 - clear_analysis_results - Preview photo image list reset.
2025-09-03 14:37:06,214 - DEBUG - MainThread - VideoPlacerv2 - clear_analysis_results - Cleared preview image for slot 0.
2025-09-03 14:37:06,214 - DEBUG - MainThread - VideoPlacerv2 - clear_analysis_results - Cleared preview image for slot 1.
2025-09-03 14:37:06,214 - DEBUG - MainThread - VideoPlacerv2 - clear_analysis_results - Cleared preview image for slot 2.
2025-09-03 14:37:06,214 - DEBUG - MainThread - VideoPlacerv2 - clear_analysis_results - Cleared preview image for slot 3.
2025-09-03 14:37:06,214 - DEBUG - MainThread - VideoPlacerv2 - clear_analysis_results - Preview animation indices reset.
2025-09-03 14:37:06,214 - DEBUG - MainThread - VideoPlacerv2 - clear_analysis_results - Finished clearing analysis results.
2025-09-03 14:37:06,214 - DEBUG - MainThread - VideoPlacerv2 - calculate_and_display_take_assignment - calculate_and_display_take_assignment called.
2025-09-03 14:37:06,214 - DEBUG - MainThread - VideoPlacerv2 - calculate_and_display_take_assignment - No files selected, take assignment set to '-'.
2025-09-03 14:37:06,214 - DEBUG - MainThread - VideoPlacerv2 - check_button_state - check_button_state called.
2025-09-03 14:37:06,214 - DEBUG - MainThread - VideoPlacerv2 - check_button_state - Post-initial setup phase.
2025-09-03 14:37:06,215 - DEBUG - MainThread - VideoPlacerv2 - check_button_state - Base dir and ID widgets disabled.
2025-09-03 14:37:06,215 - DEBUG - MainThread - VideoPlacerv2 - check_button_state - Treeview bind <<TreeviewSelect>> in check_button_state (enabled)
2025-09-03 14:37:06,215 - DEBUG - MainThread - VideoPlacerv2 - check_button_state - Category/Word TreeView event <<TreeviewSelect>> is bound
2025-09-03 14:37:06,215 - DEBUG - MainThread - VideoPlacerv2 - check_button_state - File select button state set to normal.
2025-09-03 14:37:06,215 - DEBUG - MainThread - VideoPlacerv2 - check_button_state - Process button state set to disabled. Conditions: FilesSelected=False, ValidTakes=False, Approved=False, AnalysisRunning=False.
2025-09-03 14:37:06,215 - DEBUG - MainThread - VideoPlacerv2 - check_button_state - Finished check_button_state.
2025-09-03 14:37:06,215 - DEBUG - MainThread - VideoPlacerv2 - on_tree_item_select - on_tree_item_select finished processing.
2025-09-03 14:37:07,243 - DEBUG - MainThread - VideoPlacerv2 - select_video_files - select_video_files called.
2025-09-03 14:37:07,243 - DEBUG - MainThread - VideoPlacerv2 - select_video_files - Opening file dialog to select up to 4 video files.
2025-09-03 14:37:23,219 - INFO - MainThread - VideoPlacerv2 - _process_filepaths_for_analysis - Processing 4 file(s) for analysis via _process_filepaths_for_analysis.
2025-09-03 14:37:23,220 - INFO - MainThread - VideoPlacerv2 - clear_analysis_results - Clearing previous analysis results and stopping animations.
2025-09-03 14:37:23,220 - DEBUG - MainThread - VideoPlacerv2 - clear_analysis_results - Similarity scores reset.
2025-09-03 14:37:23,220 - DEBUG - MainThread - VideoPlacerv2 - clear_analysis_results - Score display labels reset.
2025-09-03 14:37:23,220 - DEBUG - MainThread - VideoPlacerv2 - clear_analysis_results - Take assignment display reset.
2025-09-03 14:37:23,220 - DEBUG - MainThread - VideoPlacerv2 - clear_analysis_results - Initial confirmation state tracking reset.
2025-09-03 14:37:23,220 - DEBUG - MainThread - VideoPlacerv2 - clear_analysis_results - Approval checkboxes reset and disabled.
2025-09-03 14:37:23,220 - DEBUG - MainThread - VideoPlacerv2 - clear_analysis_results - Preview photo image list reset.
2025-09-03 14:37:23,220 - DEBUG - MainThread - VideoPlacerv2 - clear_analysis_results - Cleared preview image for slot 0.
2025-09-03 14:37:23,220 - DEBUG - MainThread - VideoPlacerv2 - clear_analysis_results - Cleared preview image for slot 1.
2025-09-03 14:37:23,220 - DEBUG - MainThread - VideoPlacerv2 - clear_analysis_results - Cleared preview image for slot 2.
2025-09-03 14:37:23,220 - DEBUG - MainThread - VideoPlacerv2 - clear_analysis_results - Cleared preview image for slot 3.
2025-09-03 14:37:23,220 - DEBUG - MainThread - VideoPlacerv2 - clear_analysis_results - Preview animation indices reset.
2025-09-03 14:37:23,220 - DEBUG - MainThread - VideoPlacerv2 - clear_analysis_results - Finished clearing analysis results.
2025-09-03 14:37:23,220 - DEBUG - MainThread - VideoPlacerv2 - _process_filepaths_for_analysis - Cleared previous analysis results and animations before new analysis.
2025-09-03 14:37:23,220 - INFO - MainThread - VideoPlacerv2 - _process_filepaths_for_analysis - Selected 4 video files for analysis: action_Evacuate.mp4.mp4; action_HigherGround.mp4.mp4; action_MonitorAlerts.mp4.mp4; action_NoAction.mp4.mp4
2025-09-03 14:37:23,220 - DEBUG - MainThread - VideoPlacerv2 - check_button_state - check_button_state called.
2025-09-03 14:37:23,220 - DEBUG - MainThread - VideoPlacerv2 - check_button_state - Post-initial setup phase.
2025-09-03 14:37:23,220 - DEBUG - MainThread - VideoPlacerv2 - check_button_state - Base dir and ID widgets disabled.
2025-09-03 14:37:23,220 - DEBUG - MainThread - VideoPlacerv2 - check_button_state - Treeview bind <<TreeviewSelect>> in check_button_state (enabled)
2025-09-03 14:37:23,220 - DEBUG - MainThread - VideoPlacerv2 - check_button_state - Category/Word TreeView event <<TreeviewSelect>> is bound
2025-09-03 14:37:23,220 - DEBUG - MainThread - VideoPlacerv2 - check_button_state - File select button state set to normal.
2025-09-03 14:37:23,220 - DEBUG - MainThread - VideoPlacerv2 - check_button_state - Process button state set to disabled. Conditions: FilesSelected=True, ValidTakes=False, Approved=False, AnalysisRunning=False.
2025-09-03 14:37:23,220 - DEBUG - MainThread - VideoPlacerv2 - check_button_state - Finished check_button_state.
2025-09-03 14:37:23,220 - INFO - MainThread - VideoPlacerv2 - _process_filepaths_for_analysis - Analysis started. Setting is_analysis_running to True.
2025-09-03 14:37:23,221 - INFO - Thread-1 (run_analysis_in_thread) - video_processing_operations - run_analysis_in_thread - Analysis thread started for 4 videos.
2025-09-03 14:37:23,221 - DEBUG - MainThread - VideoPlacerv2 - _process_filepaths_for_analysis - Analysis thread started: Thread-1 (run_analysis_in_thread)
2025-09-03 14:37:23,222 - DEBUG - ThreadPoolExecutor-0_0 - video_processing_operations - _extract_frames_for_video - Extracting frames from: action_Evacuate.mp4.mp4
2025-09-03 14:37:23,222 - DEBUG - ThreadPoolExecutor-0_1 - video_processing_operations - _extract_frames_for_video - Extracting frames from: action_HigherGround.mp4.mp4
2025-09-03 14:37:23,222 - DEBUG - ThreadPoolExecutor-0_2 - video_processing_operations - _extract_frames_for_video - Extracting frames from: action_MonitorAlerts.mp4.mp4
2025-09-03 14:37:23,222 - DEBUG - ThreadPoolExecutor-0_3 - video_processing_operations - _extract_frames_for_video - Extracting frames from: action_NoAction.mp4.mp4
2025-09-03 14:37:23,684 - INFO - Thread-1 (run_analysis_in_thread) - video_processing_operations - run_analysis_in_thread - Analysis thread finished.
2025-09-03 14:37:23,771 - INFO - MainThread - VideoPlacerv2 - check_analysis_queue - Received message from analysis queue.
2025-09-03 14:37:23,771 - INFO - MainThread - VideoPlacerv2 - check_analysis_queue - Processing 'analysis_complete' message.
2025-09-03 14:37:23,771 - DEBUG - MainThread - VideoPlacerv2 - check_analysis_queue - is_analysis_running set to False.
2025-09-03 14:37:23,771 - DEBUG - MainThread - VideoPlacerv2 - check_analysis_queue - Received scores: [0.7284180978662337, 0.7216033052348213, 0.7488604629713361, 0.7410880001246322]
2025-09-03 14:37:23,771 - DEBUG - MainThread - VideoPlacerv2 - check_analysis_queue - Received errors: []
2025-09-03 14:37:23,771 - DEBUG - MainThread - VideoPlacerv2 - check_analysis_queue - Received previews list structure: 4 lists of previews.
2025-09-03 14:37:23,771 - DEBUG - MainThread - VideoPlacerv2 - check_analysis_queue - Updating score display labels.
2025-09-03 14:37:23,771 - DEBUG - MainThread - VideoPlacerv2 - check_analysis_queue - Valid scores for pre-marking: [0.7284180978662337, 0.7216033052348213, 0.7488604629713361, 0.7410880001246322], Max Score: 0.749
2025-09-03 14:37:23,771 - DEBUG - MainThread - VideoPlacerv2 - check_analysis_queue - Set score for slot 0: 0.728
2025-09-03 14:37:23,771 - DEBUG - MainThread - VideoPlacerv2 - check_analysis_queue - Set score for slot 1: 0.722
2025-09-03 14:37:23,771 - DEBUG - MainThread - VideoPlacerv2 - check_analysis_queue - Set score for slot 2: 0.749
2025-09-03 14:37:23,771 - DEBUG - MainThread - VideoPlacerv2 - check_analysis_queue - Set score for slot 3: 0.741
2025-09-03 14:37:23,771 - DEBUG - MainThread - VideoPlacerv2 - check_analysis_queue - Creating PhotoImage objects and configuring checkboxes.
2025-09-03 14:37:23,771 - DEBUG - MainThread - VideoPlacerv2 - check_analysis_queue - Processing preview images for slot 0. Found 5 potential PIL images (orig+flow).
2025-09-03 14:37:23,786 - DEBUG - MainThread - VideoPlacerv2 - check_analysis_queue - Successfully created PhotoImage for original frame 1 (list index 0) in slot 0.
2025-09-03 14:37:23,786 - DEBUG - MainThread - VideoPlacerv2 - check_analysis_queue - Successfully created PhotoImage for original frame 2 (list index 1) in slot 0.
2025-09-03 14:37:23,786 - DEBUG - MainThread - VideoPlacerv2 - check_analysis_queue - Successfully created PhotoImage for original frame 3 (list index 2) in slot 0.
2025-09-03 14:37:23,786 - DEBUG - MainThread - VideoPlacerv2 - check_analysis_queue - Successfully created PhotoImage for original frame 4 (list index 3) in slot 0.
2025-09-03 14:37:23,786 - DEBUG - MainThread - VideoPlacerv2 - check_analysis_queue - Successfully created PhotoImage for original frame 5 (list index 4) in slot 0.
2025-09-03 14:37:23,786 - DEBUG - MainThread - VideoPlacerv2 - check_analysis_queue - Checkbox for slot 0 set to state 'normal'.
2025-09-03 14:37:23,786 - DEBUG - MainThread - VideoPlacerv2 - check_analysis_queue - Starting preview animation for slot 0.
2025-09-03 14:37:23,786 - DEBUG - MainThread - VideoPlacerv2 - start_preview_animation - Attempting to start/restart animation for slot 0.
2025-09-03 14:37:23,786 - DEBUG - MainThread - VideoPlacerv2 - start_preview_animation - Reset animation index for slot 0 to 0.
2025-09-03 14:37:23,786 - DEBUG - MainThread - VideoPlacerv2 - start_preview_animation - Starting animation update cycle for slot 0 with 5 valid frames.
2025-09-03 14:37:23,786 - DEBUG - MainThread - VideoPlacerv2 - check_analysis_queue - Processing preview images for slot 1. Found 5 potential PIL images (orig+flow).
2025-09-03 14:37:23,786 - DEBUG - MainThread - VideoPlacerv2 - check_analysis_queue - Successfully created PhotoImage for original frame 1 (list index 0) in slot 1.
2025-09-03 14:37:23,786 - DEBUG - MainThread - VideoPlacerv2 - check_analysis_queue - Successfully created PhotoImage for original frame 2 (list index 1) in slot 1.
2025-09-03 14:37:23,787 - DEBUG - MainThread - VideoPlacerv2 - check_analysis_queue - Successfully created PhotoImage for original frame 3 (list index 2) in slot 1.
2025-09-03 14:37:23,787 - DEBUG - MainThread - VideoPlacerv2 - check_analysis_queue - Successfully created PhotoImage for original frame 4 (list index 3) in slot 1.
2025-09-03 14:37:23,787 - DEBUG - MainThread - VideoPlacerv2 - check_analysis_queue - Successfully created PhotoImage for original frame 5 (list index 4) in slot 1.
2025-09-03 14:37:23,787 - DEBUG - MainThread - VideoPlacerv2 - check_analysis_queue - Checkbox for slot 1 set to state 'normal'.
2025-09-03 14:37:23,787 - DEBUG - MainThread - VideoPlacerv2 - check_analysis_queue - Starting preview animation for slot 1.
2025-09-03 14:37:23,787 - DEBUG - MainThread - VideoPlacerv2 - start_preview_animation - Attempting to start/restart animation for slot 1.
2025-09-03 14:37:23,787 - DEBUG - MainThread - VideoPlacerv2 - start_preview_animation - Reset animation index for slot 1 to 0.
2025-09-03 14:37:23,787 - DEBUG - MainThread - VideoPlacerv2 - start_preview_animation - Starting animation update cycle for slot 1 with 5 valid frames.
2025-09-03 14:37:23,787 - DEBUG - MainThread - VideoPlacerv2 - check_analysis_queue - Processing preview images for slot 2. Found 5 potential PIL images (orig+flow).
2025-09-03 14:37:23,787 - DEBUG - MainThread - VideoPlacerv2 - check_analysis_queue - Successfully created PhotoImage for original frame 1 (list index 0) in slot 2.
2025-09-03 14:37:23,787 - DEBUG - MainThread - VideoPlacerv2 - check_analysis_queue - Successfully created PhotoImage for original frame 2 (list index 1) in slot 2.
2025-09-03 14:37:23,787 - DEBUG - MainThread - VideoPlacerv2 - check_analysis_queue - Successfully created PhotoImage for original frame 3 (list index 2) in slot 2.
2025-09-03 14:37:23,787 - DEBUG - MainThread - VideoPlacerv2 - check_analysis_queue - Successfully created PhotoImage for original frame 4 (list index 3) in slot 2.
2025-09-03 14:37:23,787 - DEBUG - MainThread - VideoPlacerv2 - check_analysis_queue - Successfully created PhotoImage for original frame 5 (list index 4) in slot 2.
2025-09-03 14:37:23,787 - DEBUG - MainThread - VideoPlacerv2 - check_analysis_queue - Checkbox for slot 2 set to state 'normal'.
2025-09-03 14:37:23,787 - DEBUG - MainThread - VideoPlacerv2 - check_analysis_queue - Starting preview animation for slot 2.
2025-09-03 14:37:23,787 - DEBUG - MainThread - VideoPlacerv2 - start_preview_animation - Attempting to start/restart animation for slot 2.
2025-09-03 14:37:23,787 - DEBUG - MainThread - VideoPlacerv2 - start_preview_animation - Reset animation index for slot 2 to 0.
2025-09-03 14:37:23,787 - DEBUG - MainThread - VideoPlacerv2 - start_preview_animation - Starting animation update cycle for slot 2 with 5 valid frames.
2025-09-03 14:37:23,787 - DEBUG - MainThread - VideoPlacerv2 - check_analysis_queue - Processing preview images for slot 3. Found 5 potential PIL images (orig+flow).
2025-09-03 14:37:23,787 - DEBUG - MainThread - VideoPlacerv2 - check_analysis_queue - Successfully created PhotoImage for original frame 1 (list index 0) in slot 3.
2025-09-03 14:37:23,787 - DEBUG - MainThread - VideoPlacerv2 - check_analysis_queue - Successfully created PhotoImage for original frame 2 (list index 1) in slot 3.
2025-09-03 14:37:23,787 - DEBUG - MainThread - VideoPlacerv2 - check_analysis_queue - Successfully created PhotoImage for original frame 3 (list index 2) in slot 3.
2025-09-03 14:37:23,787 - DEBUG - MainThread - VideoPlacerv2 - check_analysis_queue - Successfully created PhotoImage for original frame 4 (list index 3) in slot 3.
2025-09-03 14:37:23,787 - DEBUG - MainThread - VideoPlacerv2 - check_analysis_queue - Successfully created PhotoImage for original frame 5 (list index 4) in slot 3.
2025-09-03 14:37:23,787 - DEBUG - MainThread - VideoPlacerv2 - check_analysis_queue - Checkbox for slot 3 set to state 'normal'.
2025-09-03 14:37:23,787 - DEBUG - MainThread - VideoPlacerv2 - check_analysis_queue - Starting preview animation for slot 3.
2025-09-03 14:37:23,787 - DEBUG - MainThread - VideoPlacerv2 - start_preview_animation - Attempting to start/restart animation for slot 3.
2025-09-03 14:37:23,787 - DEBUG - MainThread - VideoPlacerv2 - start_preview_animation - Reset animation index for slot 3 to 0.
2025-09-03 14:37:23,787 - DEBUG - MainThread - VideoPlacerv2 - start_preview_animation - Starting animation update cycle for slot 3 with 5 valid frames.
2025-09-03 14:37:23,787 - DEBUG - MainThread - VideoPlacerv2 - check_analysis_queue - Starting pre-marking process.
2025-09-03 14:37:23,787 - INFO - MainThread - VideoPlacerv2 - check_analysis_queue - Pre-marking logic: 4 videos selected, 4 valid scores. MaxScore=0.749, SD=0.011, Threshold=0.744
2025-09-03 14:37:23,787 - DEBUG - MainThread - VideoPlacerv2 - check_analysis_queue - Video index 0 ('action_Evacuate.mp4.mp4') not pre-marked. Score 0.7284180978662337 (is None=False). Threshold check: False | False. Checkbox state was 'normal'.
2025-09-03 14:37:23,787 - DEBUG - MainThread - VideoPlacerv2 - check_analysis_queue - Video index 1 ('action_HigherGround.mp4.mp4') not pre-marked. Score 0.7216033052348213 (is None=False). Threshold check: False | False. Checkbox state was 'normal'.
2025-09-03 14:37:23,787 - INFO - MainThread - VideoPlacerv2 - check_analysis_queue - Pre-marking video index 2 ('action_MonitorAlerts.mp4.mp4') - Score 0.749 >= Threshold 0.744 or 0.85. Checkbox state was 'normal'.
2025-09-03 14:37:23,787 - DEBUG - MainThread - VideoPlacerv2 - check_analysis_queue - Video index 3 ('action_NoAction.mp4.mp4') not pre-marked. Score 0.7410880001246322 (is None=False). Threshold check: False | False. Checkbox state was 'normal'.
2025-09-03 14:37:23,788 - DEBUG - MainThread - VideoPlacerv2 - check_analysis_queue - Stored initial confirmation state after pre-marking: [False, False, True, False]
2025-09-03 14:37:23,788 - DEBUG - MainThread - VideoPlacerv2 - check_analysis_queue - Valid previews found. Calculating take assignment.
2025-09-03 14:37:23,788 - DEBUG - MainThread - VideoPlacerv2 - calculate_and_display_take_assignment - calculate_and_display_take_assignment called.
2025-09-03 14:37:23,788 - DEBUG - MainThread - VideoPlacerv2 - calculate_and_display_take_assignment - Checking existing takes in target folder: /Users/administrator/Desktop/AI dataset/Airport/Air Crash/1234
2025-09-03 14:37:23,788 - DEBUG - MainThread - VideoPlacerv2 - calculate_and_display_take_assignment - Calculated starting take: 1.
2025-09-03 14:37:23,788 - INFO - MainThread - VideoPlacerv2 - calculate_and_display_take_assignment - Calculated potential takes: 1-4 for 4 selected files.
2025-09-03 14:37:23,788 - DEBUG - MainThread - VideoPlacerv2 - calculate_and_display_take_assignment - Finished take assignment calculation.
2025-09-03 14:37:23,788 - DEBUG - MainThread - VideoPlacerv2 - check_button_state - check_button_state called.
2025-09-03 14:37:23,788 - DEBUG - MainThread - VideoPlacerv2 - check_button_state - Post-initial setup phase.
2025-09-03 14:37:23,788 - DEBUG - MainThread - VideoPlacerv2 - check_button_state - Base dir and ID widgets disabled.
2025-09-03 14:37:23,788 - DEBUG - MainThread - VideoPlacerv2 - check_button_state - Treeview bind <<TreeviewSelect>> in check_button_state (enabled)
2025-09-03 14:37:23,788 - DEBUG - MainThread - VideoPlacerv2 - check_button_state - Category/Word TreeView event <<TreeviewSelect>> is bound
2025-09-03 14:37:23,788 - DEBUG - MainThread - VideoPlacerv2 - check_button_state - File select button state set to normal.
2025-09-03 14:37:23,788 - DEBUG - MainThread - VideoPlacerv2 - check_button_state - Process button state set to normal. Conditions: FilesSelected=True, ValidTakes=True, Approved=True, AnalysisRunning=False.
2025-09-03 14:37:23,788 - DEBUG - MainThread - VideoPlacerv2 - check_button_state - Finished check_button_state.
2025-09-03 14:37:23,788 - DEBUG - MainThread - VideoPlacerv2 - check_analysis_queue - check_button_state called after analysis results processed.
